#-----------------------------------------------------------
# Vivado v2018.3.1 (64-bit)
# SW Build 2489853 on Tue Mar 26 04:20:25 MDT 2019
# IP Build 2486929 on Tue Mar 26 06:44:21 MDT 2019
# Start of session at: Mon Jan 15 19:37:32 2024
# Process ID: 3872
# Current directory: D:/IDEA_Projects/auto-fx
# Command line: vivado.exe -mode tcl -source D:\vivado_projects\blank.tcl
# Log file: D:/IDEA_Projects/auto-fx/vivado.log
# Journal file: D:/IDEA_Projects/auto-fx\vivado.jou
#-----------------------------------------------------------
source {D:\vivado_projects\blank.tcl}
open_hw
connect_hw_server
oclose_hw_target {localhost:3121/xilinx_tcf/Xilinx/80806580066901close_hw_target {localhost:3121/xilinx_tcf/Xilinx/8080658006c001}
ccopen_hw_target {localhost:3121/xilinx_tcf/Xilinx/8080658006c101}ccurrent_hw_device [get_hw_devices xc7vx690t_0]
refresh_hw_device -update_hw_probes false [lindex [get_hw_devices xc7vx690t_0] 0]sset_property PROBES.FILE {E:/wx/1_auto-test/about vivado/bit_file_from_yangjiashuo/TOP_test2_2.ltx} [get_hw_devices xc7vx690t_0]
set_property FULL_PROBES.FILE {E:/wx/1_auto-test/about vivado/bit_file_from_yangjiashuo/TOP_test2_2.ltx} [get_hw_devices xc7vx690t_0]
set_property PROGRAM.FILE {E:/wx/1_auto-test/about vivado/bit_file_from_yangjiashuo/TOP_test2_2.bit} [get_hw_devices xc7vx690t_0]
program_hw_devices [get_hw_devices xc7vx6refresh_hw_device [lindex [get_hw_devices xc7vx690t_0] 0]
display_hw_ila_data [ get_hw_ila_data hw_ila_data_1 -of_objects [get_hw_ilas -of_objects [get_hw_devices xc7vx690t_0] -filter {CELL_NAME=~"ADandDA_inst/AD_SPI_inst/ila_spi_inst"}]]
