#-----------------------------------------------------------
# Vivado v2018.3.1 (64-bit)
# SW Build 2489853 on Tue Mar 26 04:20:25 MDT 2019
# IP Build 2486929 on Tue Mar 26 06:44:21 MDT 2019
# Start of session at: Mon Mar 25 22:47:55 2024
# Process ID: 16144
# Current directory: D:/IDEA_Projects/auto-fx
# Command line: vivado.exe -mode tcl -source D:\vivado_projects\blank.tcl
# Log file: D:/IDEA_Projects/auto-fx/vivado.log
# Journal file: D:/IDEA_Projects/auto-fx\vivado.jou
#-----------------------------------------------------------ssource {D:\vivado_projects\blank.tcl}
open_hw
connect_hw_server
close_hw_target {localhost:3121/xilinx_tcf/Xilinx/8080658006c001}
close_hw_target {localhost:3121/xilinx_tcf/Xilinx/80806580073c01}
close_hw_target {localhost:3121/xilinx_tcf/Xilinx/8080658007c701}
open_hw_target {localhost:3121/xilinx_tcf/Xilinx/8080658006c101}
current_hw_device [get_hw_devices xc7vx690t_0]
refresh_hw_device -update_hw_probes false [lindex [get_hw_devices xc7vx690t_0] 0]
set_property PROBES.FILE {E:/wx/2_projects/L payload/vivado files/0325/HL_impl_freq_syn_added/TOP_HL_SELF.ltx} [get_hw_devices xc7vx690t_0]
set_property FULL_PROBES.FILE {E:/wx/2_projects/L payload/vivado files/0325/HL_impl_freq_syn_added/TOP_HL_SELF.ltx} [get_hw_devices xc7vx690t_0]
